

5
444
testfile7
1111


222


222


333